running develop
Removing /home/pablo/Desktop/NewFolder/install/Mapping_Robot/lib/python3.12/site-packages/Mapping-Robot.egg-link (link to .)
running egg_info
writing ../../build/Mapping_Robot/Mapping_Robot.egg-info/PKG-INFO
writing dependency_links to ../../build/Mapping_Robot/Mapping_Robot.egg-info/dependency_links.txt
writing requirements to ../../build/Mapping_Robot/Mapping_Robot.egg-info/requires.txt
writing top-level names to ../../build/Mapping_Robot/Mapping_Robot.egg-info/top_level.txt
reading manifest file '../../build/Mapping_Robot/Mapping_Robot.egg-info/SOURCES.txt'
writing manifest file '../../build/Mapping_Robot/Mapping_Robot.egg-info/SOURCES.txt'
running build
running build_py
creating /home/pablo/Desktop/NewFolder/build/Mapping_Robot/build
creating /home/pablo/Desktop/NewFolder/build/Mapping_Robot/build/lib
creating /home/pablo/Desktop/NewFolder/build/Mapping_Robot/build/lib/Mapping_Robot
copying Mapping_Robot/__init__.py -> /home/pablo/Desktop/NewFolder/build/Mapping_Robot/build/lib/Mapping_Robot
running install
running install_lib
creating /home/pablo/Desktop/NewFolder/install/Mapping_Robot/lib/python3.12/site-packages/Mapping_Robot
copying /home/pablo/Desktop/NewFolder/build/Mapping_Robot/build/lib/Mapping_Robot/__init__.py -> /home/pablo/Desktop/NewFolder/install/Mapping_Robot/lib/python3.12/site-packages/Mapping_Robot
byte-compiling /home/pablo/Desktop/NewFolder/install/Mapping_Robot/lib/python3.12/site-packages/Mapping_Robot/__init__.py to __init__.cpython-312.pyc
running install_data
copying resource/Mapping_Robot -> /home/pablo/Desktop/NewFolder/install/Mapping_Robot/share/ament_index/resource_index/packages
copying package.xml -> /home/pablo/Desktop/NewFolder/install/Mapping_Robot/share/Mapping_Robot
running install_egg_info
Copying ../../build/Mapping_Robot/Mapping_Robot.egg-info to /home/pablo/Desktop/NewFolder/install/Mapping_Robot/lib/python3.12/site-packages/Mapping_Robot-0.0.0-py3.12.egg-info
running install_scripts
writing list of installed files to '/home/pablo/Desktop/NewFolder/build/Mapping_Robot/install.log'
