[0.601s] Invoking command in '/home/pablo/Desktop/NewFolder/src/Mapping_Robot': DEBUGINFOD_URLS=https://debuginfod.ubuntu.com PYTHONPATH=/home/pablo/Desktop/NewFolder/build/Mapping_Robot/prefix_override:/usr/lib/python3/dist-packages/colcon_core/task/python/colcon_distutils_commands:/home/pablo/Desktop/NewFolder/install/Mapping_Robot/lib/python3.12/site-packages:${PYTHONPATH} /usr/bin/python3 -W ignore:setup.py install is deprecated -W ignore:easy_install command is deprecated setup.py egg_info --egg-base ../../build/Mapping_Robot build --build-base /home/pablo/Desktop/NewFolder/build/Mapping_Robot/build install --record /home/pablo/Desktop/NewFolder/build/Mapping_Robot/install.log --install-scripts $base/lib/Mapping_Robot --single-version-externally-managed install_data
[0.799s] running egg_info
[0.815s] writing ../../build/Mapping_Robot/Mapping_Robot.egg-info/PKG-INFO
[0.815s] writing dependency_links to ../../build/Mapping_Robot/Mapping_Robot.egg-info/dependency_links.txt
[0.816s] writing requirements to ../../build/Mapping_Robot/Mapping_Robot.egg-info/requires.txt
[0.816s] writing top-level names to ../../build/Mapping_Robot/Mapping_Robot.egg-info/top_level.txt
[0.846s] reading manifest file '../../build/Mapping_Robot/Mapping_Robot.egg-info/SOURCES.txt'
[0.847s] writing manifest file '../../build/Mapping_Robot/Mapping_Robot.egg-info/SOURCES.txt'
[0.847s] running build
[0.847s] running build_py
[0.847s] running install
[0.852s] running install_lib
[0.867s] running install_data
[0.867s] copying urdf/robot.urdf -> /home/pablo/Desktop/NewFolder/install/Mapping_Robot/share/Mapping_Robot/urdf
[0.867s] copying config/mapper_params_online_async.yaml -> /home/pablo/Desktop/NewFolder/install/Mapping_Robot/share/Mapping_Robot/config
[0.867s] running install_egg_info
[0.883s] removing '/home/pablo/Desktop/NewFolder/install/Mapping_Robot/lib/python3.12/site-packages/Mapping_Robot-0.0.0-py3.12.egg-info' (and everything under it)
[0.883s] Copying ../../build/Mapping_Robot/Mapping_Robot.egg-info to /home/pablo/Desktop/NewFolder/install/Mapping_Robot/lib/python3.12/site-packages/Mapping_Robot-0.0.0-py3.12.egg-info
[0.884s] running install_scripts
[0.983s] writing list of installed files to '/home/pablo/Desktop/NewFolder/build/Mapping_Robot/install.log'
[1.008s] Invoked command in '/home/pablo/Desktop/NewFolder/src/Mapping_Robot' returned '0': DEBUGINFOD_URLS=https://debuginfod.ubuntu.com PYTHONPATH=/home/pablo/Desktop/NewFolder/build/Mapping_Robot/prefix_override:/usr/lib/python3/dist-packages/colcon_core/task/python/colcon_distutils_commands:/home/pablo/Desktop/NewFolder/install/Mapping_Robot/lib/python3.12/site-packages:${PYTHONPATH} /usr/bin/python3 -W ignore:setup.py install is deprecated -W ignore:easy_install command is deprecated setup.py egg_info --egg-base ../../build/Mapping_Robot build --build-base /home/pablo/Desktop/NewFolder/build/Mapping_Robot/build install --record /home/pablo/Desktop/NewFolder/build/Mapping_Robot/install.log --install-scripts $base/lib/Mapping_Robot --single-version-externally-managed install_data
