[0.845s] Invoking command in '/home/pablo/Desktop/NewFolder/build/Mapping_Robot': DEBUGINFOD_URLS=https://debuginfod.ubuntu.com PYTHONPATH=/home/pablo/Desktop/NewFolder/build/Mapping_Robot/prefix_override:/usr/lib/python3/dist-packages/colcon_core/task/python/colcon_distutils_commands:/home/pablo/Desktop/NewFolder/install/Mapping_Robot/lib/python3.12/site-packages:${PYTHONPATH} /usr/bin/python3 -W ignore:setup.py install is deprecated -W ignore:easy_install command is deprecated setup.py develop --editable --build-directory /home/pablo/Desktop/NewFolder/build/Mapping_Robot/build --no-deps symlink_data
[1.084s] running develop
[1.236s] running egg_info
[1.236s] creating Mapping_Robot.egg-info
[1.251s] writing Mapping_Robot.egg-info/PKG-INFO
[1.251s] writing dependency_links to Mapping_Robot.egg-info/dependency_links.txt
[1.251s] writing requirements to Mapping_Robot.egg-info/requires.txt
[1.251s] writing top-level names to Mapping_Robot.egg-info/top_level.txt
[1.251s] writing manifest file 'Mapping_Robot.egg-info/SOURCES.txt'
[1.281s] reading manifest file 'Mapping_Robot.egg-info/SOURCES.txt'
[1.282s] writing manifest file 'Mapping_Robot.egg-info/SOURCES.txt'
[1.297s] running build_ext
[1.298s] Creating /home/pablo/Desktop/NewFolder/install/Mapping_Robot/lib/python3.12/site-packages/Mapping-Robot.egg-link (link to .)
[1.298s] 
[1.298s] Installed /home/pablo/Desktop/NewFolder/build/Mapping_Robot
[1.298s] running symlink_data
[1.298s] creating /home/pablo/Desktop/NewFolder/install/Mapping_Robot/share/ament_index
[1.298s] creating /home/pablo/Desktop/NewFolder/install/Mapping_Robot/share/ament_index/resource_index
[1.298s] creating /home/pablo/Desktop/NewFolder/install/Mapping_Robot/share/ament_index/resource_index/packages
[1.298s] symbolically linking /home/pablo/Desktop/NewFolder/build/Mapping_Robot/resource/Mapping_Robot -> /home/pablo/Desktop/NewFolder/install/Mapping_Robot/share/ament_index/resource_index/packages
[1.298s] symbolically linking /home/pablo/Desktop/NewFolder/build/Mapping_Robot/package.xml -> /home/pablo/Desktop/NewFolder/install/Mapping_Robot/share/Mapping_Robot
[1.327s] Invoked command in '/home/pablo/Desktop/NewFolder/build/Mapping_Robot' returned '0': DEBUGINFOD_URLS=https://debuginfod.ubuntu.com PYTHONPATH=/home/pablo/Desktop/NewFolder/build/Mapping_Robot/prefix_override:/usr/lib/python3/dist-packages/colcon_core/task/python/colcon_distutils_commands:/home/pablo/Desktop/NewFolder/install/Mapping_Robot/lib/python3.12/site-packages:${PYTHONPATH} /usr/bin/python3 -W ignore:setup.py install is deprecated -W ignore:easy_install command is deprecated setup.py develop --editable --build-directory /home/pablo/Desktop/NewFolder/build/Mapping_Robot/build --no-deps symlink_data
