[0.092s] DEBUG:colcon:Command line arguments: ['/usr/bin/colcon', 'build', '--packages-select', 'diff_drive_robot']
[0.092s] DEBUG:colcon:Parsed command line arguments: Namespace(log_base=None, log_level=None, verb_name='build', build_base='build', install_base='install', merge_install=False, symlink_install=False, test_result_base=None, continue_on_error=False, executor='parallel', parallel_workers=8, event_handlers=None, ignore_user_meta=False, metas=['./colcon.meta'], base_paths=['.'], packages_ignore=None, packages_ignore_regex=None, paths=None, packages_up_to=None, packages_up_to_regex=None, packages_above=None, packages_above_and_dependencies=None, packages_above_depth=None, packages_select_by_dep=None, packages_skip_by_dep=None, packages_skip_up_to=None, packages_select_build_failed=False, packages_skip_build_finished=False, packages_select_test_failures=False, packages_skip_test_passed=False, packages_select=['diff_drive_robot'], packages_skip=None, packages_select_regex=None, packages_skip_regex=None, packages_start=None, packages_end=None, allow_overriding=[], cmake_args=None, cmake_target=None, cmake_target_skip_unavailable=False, cmake_clean_cache=False, cmake_clean_first=False, cmake_force_configure=False, ament_cmake_args=None, catkin_cmake_args=None, catkin_skip_building_tests=False, mixin_files=None, mixin=None, verb_parser=<colcon_mixin.mixin.mixin_argument.MixinArgumentDecorator object at 0x7926bcb0bb60>, verb_extension=<colcon_core.verb.build.BuildVerb object at 0x7926bd7c5b20>, main=<bound method BuildVerb.main of <colcon_core.verb.build.BuildVerb object at 0x7926bd7c5b20>>, mixin_verb=('build',))
[0.133s] Level 1:colcon.colcon_core.package_discovery:discover_packages(colcon_meta) check parameters
[0.133s] Level 1:colcon.colcon_core.package_discovery:discover_packages(recursive) check parameters
[0.133s] Level 1:colcon.colcon_core.package_discovery:discover_packages(ignore) check parameters
[0.133s] Level 1:colcon.colcon_core.package_discovery:discover_packages(path) check parameters
[0.133s] Level 1:colcon.colcon_core.package_discovery:discover_packages(colcon_meta) discover
[0.133s] Level 1:colcon.colcon_core.package_discovery:discover_packages(recursive) discover
[0.133s] INFO:colcon.colcon_core.package_discovery:Crawling recursively for packages in '/home/pablo/Desktop/diff_drive_robot'
[0.133s] Level 1:colcon.colcon_core.package_identification:_identify(.) by extensions ['ignore', 'ignore_ament_install']
[0.133s] Level 1:colcon.colcon_core.package_identification:_identify(.) by extension 'ignore'
[0.133s] Level 1:colcon.colcon_core.package_identification:_identify(.) by extension 'ignore_ament_install'
[0.134s] Level 1:colcon.colcon_core.package_identification:_identify(.) by extensions ['colcon_pkg']
[0.134s] Level 1:colcon.colcon_core.package_identification:_identify(.) by extension 'colcon_pkg'
[0.134s] Level 1:colcon.colcon_core.package_identification:_identify(.) by extensions ['colcon_meta']
[0.134s] Level 1:colcon.colcon_core.package_identification:_identify(.) by extension 'colcon_meta'
[0.134s] Level 1:colcon.colcon_core.package_identification:_identify(.) by extensions ['ros']
[0.134s] Level 1:colcon.colcon_core.package_identification:_identify(.) by extension 'ros'
[0.161s] DEBUG:colcon.colcon_core.package_identification:Package '.' with type 'ros.ament_cmake' and name 'diff_drive_robot'
[0.161s] Level 1:colcon.colcon_core.package_discovery:discover_packages(recursive) using defaults
[0.161s] Level 1:colcon.colcon_core.package_discovery:discover_packages(ignore) discover
[0.161s] Level 1:colcon.colcon_core.package_discovery:discover_packages(ignore) using defaults
[0.161s] Level 1:colcon.colcon_core.package_discovery:discover_packages(path) discover
[0.161s] Level 1:colcon.colcon_core.package_discovery:discover_packages(path) using defaults
[0.179s] Level 1:colcon.colcon_core.package_discovery:discover_packages(prefix_path) check parameters
[0.179s] Level 1:colcon.colcon_core.package_discovery:discover_packages(prefix_path) discover
[0.180s] Level 1:colcon.colcon_core.package_discovery:discover_packages(prefix_path) using defaults
[0.181s] Level 5:colcon.colcon_core.verb:set package 'diff_drive_robot' build argument 'cmake_args' from command line to 'None'
[0.181s] Level 5:colcon.colcon_core.verb:set package 'diff_drive_robot' build argument 'cmake_target' from command line to 'None'
[0.181s] Level 5:colcon.colcon_core.verb:set package 'diff_drive_robot' build argument 'cmake_target_skip_unavailable' from command line to 'False'
[0.181s] Level 5:colcon.colcon_core.verb:set package 'diff_drive_robot' build argument 'cmake_clean_cache' from command line to 'False'
[0.181s] Level 5:colcon.colcon_core.verb:set package 'diff_drive_robot' build argument 'cmake_clean_first' from command line to 'False'
[0.181s] Level 5:colcon.colcon_core.verb:set package 'diff_drive_robot' build argument 'cmake_force_configure' from command line to 'False'
[0.181s] Level 5:colcon.colcon_core.verb:set package 'diff_drive_robot' build argument 'ament_cmake_args' from command line to 'None'
[0.181s] Level 5:colcon.colcon_core.verb:set package 'diff_drive_robot' build argument 'catkin_cmake_args' from command line to 'None'
[0.181s] Level 5:colcon.colcon_core.verb:set package 'diff_drive_robot' build argument 'catkin_skip_building_tests' from command line to 'False'
[0.181s] DEBUG:colcon.colcon_core.verb:Building package 'diff_drive_robot' with the following arguments: {'ament_cmake_args': None, 'build_base': '/home/pablo/Desktop/diff_drive_robot/build/diff_drive_robot', 'catkin_cmake_args': None, 'catkin_skip_building_tests': False, 'cmake_args': None, 'cmake_clean_cache': False, 'cmake_clean_first': False, 'cmake_force_configure': False, 'cmake_target': None, 'cmake_target_skip_unavailable': False, 'install_base': '/home/pablo/Desktop/diff_drive_robot/install/diff_drive_robot', 'merge_install': False, 'path': '/home/pablo/Desktop/diff_drive_robot', 'symlink_install': False, 'test_result_base': None}
[0.181s] INFO:colcon.colcon_core.executor:Executing jobs using 'parallel' executor
[0.182s] DEBUG:colcon.colcon_parallel_executor.executor.parallel:run_until_complete
[0.182s] INFO:colcon.colcon_ros.task.ament_cmake.build:Building ROS package in '/home/pablo/Desktop/diff_drive_robot' with build type 'ament_cmake'
[0.183s] INFO:colcon.colcon_cmake.task.cmake.build:Building CMake package in '/home/pablo/Desktop/diff_drive_robot'
[0.185s] INFO:colcon.colcon_core.plugin_system:Skipping extension 'colcon_core.shell.bat': Not used on non-Windows systems
[0.185s] INFO:colcon.colcon_core.shell:Skip shell extension 'powershell' for command environment: Not usable outside of PowerShell
[0.185s] DEBUG:colcon.colcon_core.shell:Skip shell extension 'dsv' for command environment
[0.191s] DEBUG:colcon.colcon_core.event_handler.log_command:Invoking command in '/home/pablo/Desktop/diff_drive_robot/build/diff_drive_robot': DEBUGINFOD_URLS=https://debuginfod.ubuntu.com /usr/bin/cmake /home/pablo/Desktop/diff_drive_robot -DCMAKE_INSTALL_PREFIX=/home/pablo/Desktop/diff_drive_robot/install/diff_drive_robot
[0.873s] DEBUG:colcon.colcon_core.event_handler.log_command:Invoked command in '/home/pablo/Desktop/diff_drive_robot/build/diff_drive_robot' returned '1': DEBUGINFOD_URLS=https://debuginfod.ubuntu.com /usr/bin/cmake /home/pablo/Desktop/diff_drive_robot -DCMAKE_INSTALL_PREFIX=/home/pablo/Desktop/diff_drive_robot/install/diff_drive_robot
[0.886s] Level 1:colcon.colcon_core.environment:create_environment_scripts_only(diff_drive_robot)
[0.889s] Level 1:colcon.colcon_core.environment:checking '/home/pablo/Desktop/diff_drive_robot/install/diff_drive_robot' for CMake module files
[0.889s] Level 1:colcon.colcon_core.environment:checking '/home/pablo/Desktop/diff_drive_robot/install/diff_drive_robot' for CMake config files
[0.890s] Level 1:colcon.colcon_core.environment:checking '/home/pablo/Desktop/diff_drive_robot/install/diff_drive_robot/bin'
[0.890s] Level 1:colcon.colcon_core.environment:checking '/home/pablo/Desktop/diff_drive_robot/install/diff_drive_robot/lib/pkgconfig/diff_drive_robot.pc'
[0.893s] Level 1:colcon.colcon_core.environment:checking '/home/pablo/Desktop/diff_drive_robot/install/diff_drive_robot/lib/python3.12/site-packages'
[0.894s] Level 1:colcon.colcon_core.environment:checking '/home/pablo/Desktop/diff_drive_robot/install/diff_drive_robot/bin'
[0.894s] INFO:colcon.colcon_core.shell:Creating package script '/home/pablo/Desktop/diff_drive_robot/install/diff_drive_robot/share/diff_drive_robot/package.ps1'
[0.895s] INFO:colcon.colcon_core.shell:Creating package descriptor '/home/pablo/Desktop/diff_drive_robot/install/diff_drive_robot/share/diff_drive_robot/package.dsv'
[0.896s] INFO:colcon.colcon_core.shell:Creating package script '/home/pablo/Desktop/diff_drive_robot/install/diff_drive_robot/share/diff_drive_robot/package.sh'
[0.896s] INFO:colcon.colcon_core.shell:Creating package script '/home/pablo/Desktop/diff_drive_robot/install/diff_drive_robot/share/diff_drive_robot/package.bash'
[0.897s] INFO:colcon.colcon_core.shell:Creating package script '/home/pablo/Desktop/diff_drive_robot/install/diff_drive_robot/share/diff_drive_robot/package.zsh'
[0.898s] Level 1:colcon.colcon_core.environment:create_file_with_runtime_dependencies(/home/pablo/Desktop/diff_drive_robot/install/diff_drive_robot/share/colcon-core/packages/diff_drive_robot)
[0.908s] DEBUG:colcon.colcon_parallel_executor.executor.parallel:closing loop
[0.909s] DEBUG:colcon.colcon_parallel_executor.executor.parallel:loop closed
[0.909s] DEBUG:colcon.colcon_parallel_executor.executor.parallel:run_until_complete finished with '1'
[0.909s] DEBUG:colcon.colcon_core.event_reactor:joining thread
[0.918s] INFO:colcon.colcon_core.plugin_system:Skipping extension 'colcon_notification.desktop_notification.terminal_notifier': Not used on non-Darwin systems
[0.918s] INFO:colcon.colcon_core.plugin_system:Skipping extension 'colcon_notification.desktop_notification.win32': Not used on non-Windows systems
[0.918s] INFO:colcon.colcon_notification.desktop_notification:Sending desktop notification using 'notify2'
[0.944s] DEBUG:colcon.colcon_core.event_reactor:joined thread
[0.945s] INFO:colcon.colcon_core.shell:Creating prefix script '/home/pablo/Desktop/diff_drive_robot/install/local_setup.ps1'
[0.946s] INFO:colcon.colcon_core.shell:Creating prefix util module '/home/pablo/Desktop/diff_drive_robot/install/_local_setup_util_ps1.py'
[0.949s] INFO:colcon.colcon_core.shell:Creating prefix chain script '/home/pablo/Desktop/diff_drive_robot/install/setup.ps1'
[0.950s] INFO:colcon.colcon_core.shell:Creating prefix script '/home/pablo/Desktop/diff_drive_robot/install/local_setup.sh'
[0.951s] INFO:colcon.colcon_core.shell:Creating prefix util module '/home/pablo/Desktop/diff_drive_robot/install/_local_setup_util_sh.py'
[0.952s] INFO:colcon.colcon_core.shell:Creating prefix chain script '/home/pablo/Desktop/diff_drive_robot/install/setup.sh'
[0.953s] INFO:colcon.colcon_core.shell:Creating prefix script '/home/pablo/Desktop/diff_drive_robot/install/local_setup.bash'
[0.954s] INFO:colcon.colcon_core.shell:Creating prefix chain script '/home/pablo/Desktop/diff_drive_robot/install/setup.bash'
[0.955s] INFO:colcon.colcon_core.shell:Creating prefix script '/home/pablo/Desktop/diff_drive_robot/install/local_setup.zsh'
[0.956s] INFO:colcon.colcon_core.shell:Creating prefix chain script '/home/pablo/Desktop/diff_drive_robot/install/setup.zsh'
