running egg_info
creating ../../build/task15_display/task15_display.egg-info
writing ../../build/task15_display/task15_display.egg-info/PKG-INFO
writing dependency_links to ../../build/task15_display/task15_display.egg-info/dependency_links.txt
writing requirements to ../../build/task15_display/task15_display.egg-info/requires.txt
writing top-level names to ../../build/task15_display/task15_display.egg-info/top_level.txt
writing manifest file '../../build/task15_display/task15_display.egg-info/SOURCES.txt'
reading manifest file '../../build/task15_display/task15_display.egg-info/SOURCES.txt'
writing manifest file '../../build/task15_display/task15_display.egg-info/SOURCES.txt'
running build
running build_py
creating /home/pablo/ros2_ws/build/task15_display/build
creating /home/pablo/ros2_ws/build/task15_display/build/lib
creating /home/pablo/ros2_ws/build/task15_display/build/lib/task15_display
copying task15_display/__init__.py -> /home/pablo/ros2_ws/build/task15_display/build/lib/task15_display
running install
running install_lib
creating /home/pablo/ros2_ws/install/task15_display/lib/python3.12/site-packages/task15_display
copying /home/pablo/ros2_ws/build/task15_display/build/lib/task15_display/__init__.py -> /home/pablo/ros2_ws/install/task15_display/lib/python3.12/site-packages/task15_display
byte-compiling /home/pablo/ros2_ws/install/task15_display/lib/python3.12/site-packages/task15_display/__init__.py to __init__.cpython-312.pyc
running install_data
creating /home/pablo/ros2_ws/install/task15_display/share/ament_index
creating /home/pablo/ros2_ws/install/task15_display/share/ament_index/resource_index
creating /home/pablo/ros2_ws/install/task15_display/share/ament_index/resource_index/packages
copying resource/task15_display -> /home/pablo/ros2_ws/install/task15_display/share/ament_index/resource_index/packages
copying package.xml -> /home/pablo/ros2_ws/install/task15_display/share/task15_display
creating /home/pablo/ros2_ws/install/task15_display/share/task15_display/launch
copying launch/display.launch.py -> /home/pablo/ros2_ws/install/task15_display/share/task15_display/launch
creating /home/pablo/ros2_ws/install/task15_display/share/task15_display/urdf
copying urdf/robot.urdf -> /home/pablo/ros2_ws/install/task15_display/share/task15_display/urdf
running install_egg_info
Copying ../../build/task15_display/task15_display.egg-info to /home/pablo/ros2_ws/install/task15_display/lib/python3.12/site-packages/task15_display-0.0.0-py3.12.egg-info
running install_scripts
writing list of installed files to '/home/pablo/ros2_ws/build/task15_display/install.log'
