[1.233s] Invoking command in '/home/pablo/ros2_ws/src/task15_display': DEBUGINFOD_URLS=https://debuginfod.ubuntu.com PYTHONPATH=/home/pablo/ros2_ws/build/task15_display/prefix_override:/usr/lib/python3/dist-packages/colcon_core/task/python/colcon_distutils_commands:/home/pablo/ros2_ws/install/task15_display/lib/python3.12/site-packages:${PYTHONPATH} /usr/bin/python3 -W ignore:setup.py install is deprecated -W ignore:easy_install command is deprecated setup.py egg_info --egg-base ../../build/task15_display build --build-base /home/pablo/ros2_ws/build/task15_display/build install --record /home/pablo/ros2_ws/build/task15_display/install.log --install-scripts $base/lib/task15_display --single-version-externally-managed install_data
[1.548s] running egg_info
[1.548s] creating ../../build/task15_display/task15_display.egg-info
[1.570s] writing ../../build/task15_display/task15_display.egg-info/PKG-INFO
[1.570s] writing dependency_links to ../../build/task15_display/task15_display.egg-info/dependency_links.txt
[1.571s] writing requirements to ../../build/task15_display/task15_display.egg-info/requires.txt
[1.571s] writing top-level names to ../../build/task15_display/task15_display.egg-info/top_level.txt
[1.571s] writing manifest file '../../build/task15_display/task15_display.egg-info/SOURCES.txt'
[1.617s] reading manifest file '../../build/task15_display/task15_display.egg-info/SOURCES.txt'
[1.617s] writing manifest file '../../build/task15_display/task15_display.egg-info/SOURCES.txt'
[1.617s] running build
[1.617s] running build_py
[1.618s] creating /home/pablo/ros2_ws/build/task15_display/build
[1.618s] creating /home/pablo/ros2_ws/build/task15_display/build/lib
[1.618s] creating /home/pablo/ros2_ws/build/task15_display/build/lib/task15_display
[1.618s] copying task15_display/__init__.py -> /home/pablo/ros2_ws/build/task15_display/build/lib/task15_display
[1.618s] running install
[1.625s] running install_lib
[1.647s] creating /home/pablo/ros2_ws/install/task15_display/lib/python3.12/site-packages/task15_display
[1.648s] copying /home/pablo/ros2_ws/build/task15_display/build/lib/task15_display/__init__.py -> /home/pablo/ros2_ws/install/task15_display/lib/python3.12/site-packages/task15_display
[1.648s] byte-compiling /home/pablo/ros2_ws/install/task15_display/lib/python3.12/site-packages/task15_display/__init__.py to __init__.cpython-312.pyc
[1.648s] running install_data
[1.648s] creating /home/pablo/ros2_ws/install/task15_display/share/ament_index
[1.648s] creating /home/pablo/ros2_ws/install/task15_display/share/ament_index/resource_index
[1.649s] creating /home/pablo/ros2_ws/install/task15_display/share/ament_index/resource_index/packages
[1.649s] copying resource/task15_display -> /home/pablo/ros2_ws/install/task15_display/share/ament_index/resource_index/packages
[1.649s] copying package.xml -> /home/pablo/ros2_ws/install/task15_display/share/task15_display
[1.649s] creating /home/pablo/ros2_ws/install/task15_display/share/task15_display/launch
[1.649s] copying launch/display.launch.py -> /home/pablo/ros2_ws/install/task15_display/share/task15_display/launch
[1.649s] creating /home/pablo/ros2_ws/install/task15_display/share/task15_display/urdf
[1.649s] copying urdf/robot.urdf -> /home/pablo/ros2_ws/install/task15_display/share/task15_display/urdf
[1.649s] running install_egg_info
[1.673s] Copying ../../build/task15_display/task15_display.egg-info to /home/pablo/ros2_ws/install/task15_display/lib/python3.12/site-packages/task15_display-0.0.0-py3.12.egg-info
[1.673s] running install_scripts
[1.824s] writing list of installed files to '/home/pablo/ros2_ws/build/task15_display/install.log'
[1.869s] Invoked command in '/home/pablo/ros2_ws/src/task15_display' returned '0': DEBUGINFOD_URLS=https://debuginfod.ubuntu.com PYTHONPATH=/home/pablo/ros2_ws/build/task15_display/prefix_override:/usr/lib/python3/dist-packages/colcon_core/task/python/colcon_distutils_commands:/home/pablo/ros2_ws/install/task15_display/lib/python3.12/site-packages:${PYTHONPATH} /usr/bin/python3 -W ignore:setup.py install is deprecated -W ignore:easy_install command is deprecated setup.py egg_info --egg-base ../../build/task15_display build --build-base /home/pablo/ros2_ws/build/task15_display/build install --record /home/pablo/ros2_ws/build/task15_display/install.log --install-scripts $base/lib/task15_display --single-version-externally-managed install_data
