[0.008s] Invoking command in '/home/pablo/Desktop/diff_drive_robot/build/diff_drive_robot': DEBUGINFOD_URLS=https://debuginfod.ubuntu.com /usr/bin/cmake /home/pablo/Desktop/diff_drive_robot -DCMAKE_INSTALL_PREFIX=/home/pablo/Desktop/diff_drive_robot/install/diff_drive_robot
[0.146s] -- The C compiler identification is GNU 13.3.0
[0.270s] -- The CXX compiler identification is GNU 13.3.0
[0.299s] -- Detecting C compiler ABI info
[0.456s] -- Detecting C compiler ABI info - done
[0.474s] -- Check for working C compiler: /usr/bin/cc - skipped
[0.475s] -- Detecting C compile features
[0.476s] -- Detecting C compile features - done
[0.492s] -- Detecting CXX compiler ABI info
[0.654s] -- Detecting CXX compiler ABI info - done
[0.673s] -- Check for working CXX compiler: /usr/bin/c++ - skipped
[0.673s] -- Detecting CXX compile features
[0.674s] -- Detecting CXX compile features - done
[0.687s] [31mCMake Error at CMakeLists.txt:4 (find_package):
[0.687s]   By not providing "Findament_cmake.cmake" in CMAKE_MODULE_PATH this project
[0.687s]   has asked CMake to find a package configuration file provided by
[0.687s]   "ament_cmake", but CMake did not find one.
[0.687s] 
[0.688s]   Could not find a package configuration file provided by "ament_cmake" with
[0.688s]   any of the following names:
[0.688s] 
[0.688s]     ament_cmakeConfig.cmake
[0.688s]     ament_cmake-config.cmake
[0.688s] 
[0.688s]   Add the installation prefix of "ament_cmake" to CMAKE_PREFIX_PATH or set
[0.688s]   "ament_cmake_DIR" to a directory containing one of the above files.  If
[0.688s]   "ament_cmake" provides a separate development package or SDK, be sure it
[0.688s]   has been installed.
[0.689s] 
[0.689s] [0m
[0.689s] -- Configuring incomplete, errors occurred!
[0.690s] Invoked command in '/home/pablo/Desktop/diff_drive_robot/build/diff_drive_robot' returned '1': DEBUGINFOD_URLS=https://debuginfod.ubuntu.com /usr/bin/cmake /home/pablo/Desktop/diff_drive_robot -DCMAKE_INSTALL_PREFIX=/home/pablo/Desktop/diff_drive_robot/install/diff_drive_robot
