[0.016s] Invoking command in '/home/pablo/Desktop/diff_drive_robot/build/diff_drive_robot': CMAKE_PREFIX_PATH=${CMAKE_PREFIX_PATH}:/opt/ros/jazzy DEBUGINFOD_URLS=https://debuginfod.ubuntu.com /usr/bin/cmake /home/pablo/Desktop/diff_drive_robot -DCMAKE_INSTALL_PREFIX=/home/pablo/Desktop/diff_drive_robot/install/diff_drive_robot
[0.033s] -- Found ament_cmake: 2.5.6 (/opt/ros/jazzy/share/ament_cmake/cmake)
[0.312s] -- Found Python3: /usr/bin/python3 (found version "3.12.3") found components: Interpreter 
[0.635s] -- Configuring done (0.6s)
[0.638s] -- Generating done (0.0s)
[0.641s] -- Build files have been written to: /home/pablo/Desktop/diff_drive_robot/build/diff_drive_robot
[0.645s] Invoked command in '/home/pablo/Desktop/diff_drive_robot/build/diff_drive_robot' returned '0': CMAKE_PREFIX_PATH=${CMAKE_PREFIX_PATH}:/opt/ros/jazzy DEBUGINFOD_URLS=https://debuginfod.ubuntu.com /usr/bin/cmake /home/pablo/Desktop/diff_drive_robot -DCMAKE_INSTALL_PREFIX=/home/pablo/Desktop/diff_drive_robot/install/diff_drive_robot
[0.647s] Invoking command in '/home/pablo/Desktop/diff_drive_robot/build/diff_drive_robot': CMAKE_PREFIX_PATH=${CMAKE_PREFIX_PATH}:/opt/ros/jazzy DEBUGINFOD_URLS=https://debuginfod.ubuntu.com /usr/bin/cmake --build /home/pablo/Desktop/diff_drive_robot/build/diff_drive_robot -- -j8 -l8
[0.712s] Invoked command in '/home/pablo/Desktop/diff_drive_robot/build/diff_drive_robot' returned '0': CMAKE_PREFIX_PATH=${CMAKE_PREFIX_PATH}:/opt/ros/jazzy DEBUGINFOD_URLS=https://debuginfod.ubuntu.com /usr/bin/cmake --build /home/pablo/Desktop/diff_drive_robot/build/diff_drive_robot -- -j8 -l8
[0.729s] Invoking command in '/home/pablo/Desktop/diff_drive_robot/build/diff_drive_robot': CMAKE_PREFIX_PATH=${CMAKE_PREFIX_PATH}:/opt/ros/jazzy DEBUGINFOD_URLS=https://debuginfod.ubuntu.com /usr/bin/cmake --install /home/pablo/Desktop/diff_drive_robot/build/diff_drive_robot
[0.743s] -- Install configuration: ""
[0.743s] -- Installing: /home/pablo/Desktop/diff_drive_robot/install/diff_drive_robot/share/diff_drive_robot/launch
[0.743s] -- Installing: /home/pablo/Desktop/diff_drive_robot/install/diff_drive_robot/share/diff_drive_robot/launch/rsp.launch.py
[0.743s] -- Installing: /home/pablo/Desktop/diff_drive_robot/install/diff_drive_robot/share/diff_drive_robot/launch/robot.launch.py
[0.744s] -- Installing: /home/pablo/Desktop/diff_drive_robot/install/diff_drive_robot/share/diff_drive_robot/urdf
[0.744s] -- Installing: /home/pablo/Desktop/diff_drive_robot/install/diff_drive_robot/share/diff_drive_robot/urdf/robot.gazebo
[0.744s] -- Installing: /home/pablo/Desktop/diff_drive_robot/install/diff_drive_robot/share/diff_drive_robot/urdf/robot.urdf.xacro
[0.744s] -- Installing: /home/pablo/Desktop/diff_drive_robot/install/diff_drive_robot/share/diff_drive_robot/worlds
[0.745s] -- Installing: /home/pablo/Desktop/diff_drive_robot/install/diff_drive_robot/share/diff_drive_robot/worlds/obstacles.world
[0.745s] -- Installing: /home/pablo/Desktop/diff_drive_robot/install/diff_drive_robot/share/diff_drive_robot/config
[0.745s] -- Installing: /home/pablo/Desktop/diff_drive_robot/install/diff_drive_robot/share/diff_drive_robot/config/gz_bridge.yaml
[0.745s] -- Installing: /home/pablo/Desktop/diff_drive_robot/install/diff_drive_robot/share/diff_drive_robot/rviz
[0.745s] -- Installing: /home/pablo/Desktop/diff_drive_robot/install/diff_drive_robot/share/diff_drive_robot/rviz/bot.rviz
[0.746s] -- Installing: /home/pablo/Desktop/diff_drive_robot/install/diff_drive_robot/share/ament_index/resource_index/package_run_dependencies/diff_drive_robot
[0.746s] -- Installing: /home/pablo/Desktop/diff_drive_robot/install/diff_drive_robot/share/ament_index/resource_index/parent_prefix_path/diff_drive_robot
[0.746s] -- Installing: /home/pablo/Desktop/diff_drive_robot/install/diff_drive_robot/share/diff_drive_robot/environment/ament_prefix_path.sh
[0.746s] -- Installing: /home/pablo/Desktop/diff_drive_robot/install/diff_drive_robot/share/diff_drive_robot/environment/ament_prefix_path.dsv
[0.746s] -- Installing: /home/pablo/Desktop/diff_drive_robot/install/diff_drive_robot/share/diff_drive_robot/environment/path.sh
[0.747s] -- Installing: /home/pablo/Desktop/diff_drive_robot/install/diff_drive_robot/share/diff_drive_robot/environment/path.dsv
[0.747s] -- Installing: /home/pablo/Desktop/diff_drive_robot/install/diff_drive_robot/share/diff_drive_robot/local_setup.bash
[0.747s] -- Installing: /home/pablo/Desktop/diff_drive_robot/install/diff_drive_robot/share/diff_drive_robot/local_setup.sh
[0.747s] -- Installing: /home/pablo/Desktop/diff_drive_robot/install/diff_drive_robot/share/diff_drive_robot/local_setup.zsh
[0.747s] -- Installing: /home/pablo/Desktop/diff_drive_robot/install/diff_drive_robot/share/diff_drive_robot/local_setup.dsv
[0.748s] -- Installing: /home/pablo/Desktop/diff_drive_robot/install/diff_drive_robot/share/diff_drive_robot/package.dsv
[0.748s] -- Installing: /home/pablo/Desktop/diff_drive_robot/install/diff_drive_robot/share/ament_index/resource_index/packages/diff_drive_robot
[0.748s] -- Installing: /home/pablo/Desktop/diff_drive_robot/install/diff_drive_robot/share/diff_drive_robot/cmake/diff_drive_robotConfig.cmake
[0.749s] -- Installing: /home/pablo/Desktop/diff_drive_robot/install/diff_drive_robot/share/diff_drive_robot/cmake/diff_drive_robotConfig-version.cmake
[0.749s] -- Installing: /home/pablo/Desktop/diff_drive_robot/install/diff_drive_robot/share/diff_drive_robot/package.xml
[0.752s] Invoked command in '/home/pablo/Desktop/diff_drive_robot/build/diff_drive_robot' returned '0': CMAKE_PREFIX_PATH=${CMAKE_PREFIX_PATH}:/opt/ros/jazzy DEBUGINFOD_URLS=https://debuginfod.ubuntu.com /usr/bin/cmake --install /home/pablo/Desktop/diff_drive_robot/build/diff_drive_robot
