running egg_info
creating ../../build/fleet_system/fleet_system.egg-info
writing ../../build/fleet_system/fleet_system.egg-info/PKG-INFO
writing dependency_links to ../../build/fleet_system/fleet_system.egg-info/dependency_links.txt
writing entry points to ../../build/fleet_system/fleet_system.egg-info/entry_points.txt
writing requirements to ../../build/fleet_system/fleet_system.egg-info/requires.txt
writing top-level names to ../../build/fleet_system/fleet_system.egg-info/top_level.txt
writing manifest file '../../build/fleet_system/fleet_system.egg-info/SOURCES.txt'
reading manifest file '../../build/fleet_system/fleet_system.egg-info/SOURCES.txt'
writing manifest file '../../build/fleet_system/fleet_system.egg-info/SOURCES.txt'
running build
running build_py
creating /home/pablo/task11_ws/build/fleet_system/build
creating /home/pablo/task11_ws/build/fleet_system/build/lib
creating /home/pablo/task11_ws/build/fleet_system/build/lib/fleet_system
copying fleet_system/traffic_manager.py -> /home/pablo/task11_ws/build/fleet_system/build/lib/fleet_system
copying fleet_system/fleet_emulator.py -> /home/pablo/task11_ws/build/fleet_system/build/lib/fleet_system
copying fleet_system/__init__.py -> /home/pablo/task11_ws/build/fleet_system/build/lib/fleet_system
running install
running install_lib
creating /home/pablo/task11_ws/install/fleet_system/lib/python3.12/site-packages/fleet_system
copying /home/pablo/task11_ws/build/fleet_system/build/lib/fleet_system/traffic_manager.py -> /home/pablo/task11_ws/install/fleet_system/lib/python3.12/site-packages/fleet_system
copying /home/pablo/task11_ws/build/fleet_system/build/lib/fleet_system/fleet_emulator.py -> /home/pablo/task11_ws/install/fleet_system/lib/python3.12/site-packages/fleet_system
copying /home/pablo/task11_ws/build/fleet_system/build/lib/fleet_system/__init__.py -> /home/pablo/task11_ws/install/fleet_system/lib/python3.12/site-packages/fleet_system
byte-compiling /home/pablo/task11_ws/install/fleet_system/lib/python3.12/site-packages/fleet_system/traffic_manager.py to traffic_manager.cpython-312.pyc
byte-compiling /home/pablo/task11_ws/install/fleet_system/lib/python3.12/site-packages/fleet_system/fleet_emulator.py to fleet_emulator.cpython-312.pyc
byte-compiling /home/pablo/task11_ws/install/fleet_system/lib/python3.12/site-packages/fleet_system/__init__.py to __init__.cpython-312.pyc
running install_data
creating /home/pablo/task11_ws/install/fleet_system/share/ament_index
creating /home/pablo/task11_ws/install/fleet_system/share/ament_index/resource_index
creating /home/pablo/task11_ws/install/fleet_system/share/ament_index/resource_index/packages
copying resource/fleet_system -> /home/pablo/task11_ws/install/fleet_system/share/ament_index/resource_index/packages
copying package.xml -> /home/pablo/task11_ws/install/fleet_system/share/fleet_system
running install_egg_info
Copying ../../build/fleet_system/fleet_system.egg-info to /home/pablo/task11_ws/install/fleet_system/lib/python3.12/site-packages/fleet_system-0.0.0-py3.12.egg-info
running install_scripts
Installing fleet_emulator script to /home/pablo/task11_ws/install/fleet_system/lib/fleet_system
Installing traffic_manager script to /home/pablo/task11_ws/install/fleet_system/lib/fleet_system
writing list of installed files to '/home/pablo/task11_ws/build/fleet_system/install.log'
