[0.583s] Invoking command in '/home/pablo/task11_ws/src/fleet_system': DEBUGINFOD_URLS=https://debuginfod.ubuntu.com PYTHONPATH=/home/pablo/task11_ws/build/fleet_system/prefix_override:/usr/lib/python3/dist-packages/colcon_core/task/python/colcon_distutils_commands:/home/pablo/task11_ws/install/fleet_system/lib/python3.12/site-packages:${PYTHONPATH} /usr/bin/python3 -W ignore:setup.py install is deprecated -W ignore:easy_install command is deprecated setup.py egg_info --egg-base ../../build/fleet_system build --build-base /home/pablo/task11_ws/build/fleet_system/build install --record /home/pablo/task11_ws/build/fleet_system/install.log --single-version-externally-managed install_data
[0.774s] running egg_info
[0.774s] creating ../../build/fleet_system/fleet_system.egg-info
[0.788s] writing ../../build/fleet_system/fleet_system.egg-info/PKG-INFO
[0.788s] writing dependency_links to ../../build/fleet_system/fleet_system.egg-info/dependency_links.txt
[0.788s] writing entry points to ../../build/fleet_system/fleet_system.egg-info/entry_points.txt
[0.788s] writing requirements to ../../build/fleet_system/fleet_system.egg-info/requires.txt
[0.788s] writing top-level names to ../../build/fleet_system/fleet_system.egg-info/top_level.txt
[0.788s] writing manifest file '../../build/fleet_system/fleet_system.egg-info/SOURCES.txt'
[0.818s] reading manifest file '../../build/fleet_system/fleet_system.egg-info/SOURCES.txt'
[0.819s] writing manifest file '../../build/fleet_system/fleet_system.egg-info/SOURCES.txt'
[0.819s] running build
[0.819s] running build_py
[0.819s] creating /home/pablo/task11_ws/build/fleet_system/build
[0.819s] creating /home/pablo/task11_ws/build/fleet_system/build/lib
[0.819s] creating /home/pablo/task11_ws/build/fleet_system/build/lib/fleet_system
[0.819s] copying fleet_system/traffic_manager.py -> /home/pablo/task11_ws/build/fleet_system/build/lib/fleet_system
[0.819s] copying fleet_system/fleet_emulator.py -> /home/pablo/task11_ws/build/fleet_system/build/lib/fleet_system
[0.819s] copying fleet_system/__init__.py -> /home/pablo/task11_ws/build/fleet_system/build/lib/fleet_system
[0.819s] running install
[0.824s] running install_lib
[0.839s] creating /home/pablo/task11_ws/install/fleet_system/lib/python3.12/site-packages/fleet_system
[0.839s] copying /home/pablo/task11_ws/build/fleet_system/build/lib/fleet_system/traffic_manager.py -> /home/pablo/task11_ws/install/fleet_system/lib/python3.12/site-packages/fleet_system
[0.839s] copying /home/pablo/task11_ws/build/fleet_system/build/lib/fleet_system/fleet_emulator.py -> /home/pablo/task11_ws/install/fleet_system/lib/python3.12/site-packages/fleet_system
[0.839s] copying /home/pablo/task11_ws/build/fleet_system/build/lib/fleet_system/__init__.py -> /home/pablo/task11_ws/install/fleet_system/lib/python3.12/site-packages/fleet_system
[0.839s] byte-compiling /home/pablo/task11_ws/install/fleet_system/lib/python3.12/site-packages/fleet_system/traffic_manager.py to traffic_manager.cpython-312.pyc
[0.840s] byte-compiling /home/pablo/task11_ws/install/fleet_system/lib/python3.12/site-packages/fleet_system/fleet_emulator.py to fleet_emulator.cpython-312.pyc
[0.841s] byte-compiling /home/pablo/task11_ws/install/fleet_system/lib/python3.12/site-packages/fleet_system/__init__.py to __init__.cpython-312.pyc
[0.841s] running install_data
[0.841s] creating /home/pablo/task11_ws/install/fleet_system/share/ament_index
[0.841s] creating /home/pablo/task11_ws/install/fleet_system/share/ament_index/resource_index
[0.841s] creating /home/pablo/task11_ws/install/fleet_system/share/ament_index/resource_index/packages
[0.841s] copying resource/fleet_system -> /home/pablo/task11_ws/install/fleet_system/share/ament_index/resource_index/packages
[0.841s] copying package.xml -> /home/pablo/task11_ws/install/fleet_system/share/fleet_system
[0.841s] running install_egg_info
[0.857s] Copying ../../build/fleet_system/fleet_system.egg-info to /home/pablo/task11_ws/install/fleet_system/lib/python3.12/site-packages/fleet_system-0.0.0-py3.12.egg-info
[0.858s] running install_scripts
[0.953s] Installing fleet_emulator script to /home/pablo/task11_ws/install/fleet_system/lib/fleet_system
[0.953s] Installing traffic_manager script to /home/pablo/task11_ws/install/fleet_system/lib/fleet_system
[0.953s] writing list of installed files to '/home/pablo/task11_ws/build/fleet_system/install.log'
[0.976s] Invoked command in '/home/pablo/task11_ws/src/fleet_system' returned '0': DEBUGINFOD_URLS=https://debuginfod.ubuntu.com PYTHONPATH=/home/pablo/task11_ws/build/fleet_system/prefix_override:/usr/lib/python3/dist-packages/colcon_core/task/python/colcon_distutils_commands:/home/pablo/task11_ws/install/fleet_system/lib/python3.12/site-packages:${PYTHONPATH} /usr/bin/python3 -W ignore:setup.py install is deprecated -W ignore:easy_install command is deprecated setup.py egg_info --egg-base ../../build/fleet_system build --build-base /home/pablo/task11_ws/build/fleet_system/build install --record /home/pablo/task11_ws/build/fleet_system/install.log --single-version-externally-managed install_data
